https://besprechung.net/
https://byteweise.de/
https://de-fsn-1.jitsi.rocks/
https://eelo.free-solutions.org/
https://fairmeeting.net/
https://fi-hel-1.jitsi.rocks/
https://fi-hel-2.jitsi.rocks/
https://freejitsi01.netcup.net/
https://jitsi-01.csn.tu-chemnitz.de/
https://jitsi.5711.org/
https://jitsi.amikoop.coop/
https://jitsi.arl.wtf/
https://jitsi.arvidortwig.de/
https://jitsi.debian.social/
https://jitsi.dorf-post.de/
https://jitsi.eichstaett.social/
https://jitsi.fem.tu-ilmenau.de/
https://jitsi.ff3l.net/
https://jitsi.flyingcircus.io/
https://jitsi.folkwang-uni.de
https://jitsi.freifunk-duesseldorf.de/
https://jitsi.hamburg.ccc.de/
https://jitsi.hbs.ac/
https://jitsi.hs-anhalt.de/
https://jitsi.is/
https://jitsi.jotbe.reunite.earth/
https://jitsi.komun.org/
https://jitsi.linux.it/
https://jitsi.math.uzh.ch/
https://jitsi-meet.hs-nb.de/
https://jitsi.mpi-bremen.de/
https://jitsi.netways.de/
https://jitsi.php-friends.de/
https://jitsi.piratenpartei-duesseldorf.de/
https://jitsi.q2r.net/
https://jitsi.sixtopia.net/
https://jitsi.timlukas.de/
https://jitsi.uni-due.de/
https://jitsi.uni-kl.de/
https://jitsi.v3g.de/
https://konferenz.buehl.digital/
https://konferenz.netzbegruenung.de/
https://meet2.scheible.it/
https://meet3.scheible.it/
https://meet.adminforge.de/
https://meet.alpha.berlin/
https://meet.alps.one/
https://meet.armstrong.zimt.uni-siegen.de/
https://meet.bitblaze.io/
https://meet.bjoernhaendler.de/
https://meet.collective.tools/
https://meet.computerwerk.org/
https://meet.corrently.cloud/
https://meet.cyber4edu.org/
https://meet.cyon.tools
https://meet.darmstadt.social/
https://meet.domov.de/
https://meet.dssr.ch/
https://meet.f3n-ac.de/
https://meet.ffbrb.de/
https://meet.ffmuc.net/
https://meet.ffrn.de/
https://meet.freifunk-aachen.de/
https://meet.freifunk-rhein-sieg.net/
https://meet.fuhrberg-digital.de/
https://meet.fyber.space/
https://meet.golem.de/
https://meet.hasi.it/
https://meet.in-berlin.de/
https://meet.isf.es/
https://meet.jitsi.world/
https://meet.jotbe.io/
https://meet.jugendrecht.org/
https://meet.kobschaetzki.de/
https://meet.leinelab.org/
https://meet.linus-neumann.de/
https://meet.lug-stormarn.de/
https://meet.meerfarbig.net/
https://meet.nerd.re/
https://meet.opensuse.org/
https://meet.osna.social/
https://meet.physnet.uni-hamburg.de/
https://meet.piratenpartei-sh.de/
https://meet.piraten-witten.de/
https://meet.roflcopter.fr/
https://meet.scheible.it/
https://meet.schnuud.de/
https://meet.studiumdigitale.uni-frankfurt.de/F
https://meet.stura.uni-heidelberg.de/
https://meet.stuvus.uni-stuttgart.de/
https://meet.systemli.org/
https://meet.teamcloud.work/
https://meet.teckids.org/
https://meet.weimarnetz.de/
https://noalyss.free-solutions.org/
https://onlinetreff.ash-berlin.eu/
https://open.meet.switch.ch/
https://swisschat.free-solutions.org/
https://talk.linux-whv.de
https://talk.snopyta.org/
https://unibe.meet.switch.ch/
https://unifr.meet.switch.ch/
https://uzh.meet.switch.ch/
https://vc.autistici.org/
https://vidconf.tech4good.ch/
https://virtual.chaosdorf.space/
https://webmeeting.opensolution.it/
https://www.jitsi-meet.online/
https://www.kuketz-meet.de/
