https://de-fsn-1.jitsi.rocks/
https://de-fsn-2.jitsi.rocks/
https://de-nue-1.jitsi.rocks/
https://de-nue-2.jitsi.rocks/
https://fairmeeting.net/
https://fi-hel-1.jitsi.rocks/
https://fi-hel-2.jitsi.rocks/
https://freejitsi01.netcup.net/
https://jitsi.arl.wtf/
https://jitsi.cc/
https://jitsi.fem.tu-ilmenau.de/
https://jitsi.flyingcircus.io/
https://jitsi.forensictaco.net/
https://jitsi.freifunk-duesseldorf.de/
https://jitsi.hamburg.freifunk.net/
https://jitsi.hbs.ac/
https://jitsi.is/
https://jitsi.osna.social/
https://jitsi.php-friends.de/
https://jitsi.piratenpartei-duesseldorf.de/
https://jitsi.q2r.net/
https://jitsi.sixtopia.net/
https://jitsi.timlukas.de/
https://jitsi.v3g.de/
https://meet.alps.one/
https://meet.adminforge.de/
https://meet.bitblaze.io/
https://meet.chaosdata.de/
https://meet.corrently.cloud/
https://meet.cyber4edu.org/
https://meet.cybercyber.digital/
https://meet.cybernauts.science/
https://meet.darmstadt.social/
https://meet.domov.de/
https://meet.f3n-ac.de/
https://meet.ffmuc.net/
https://meet.ffrn.de/
https://meet.freifunk-rhein-sieg.net/
https://meet.golem.de/
https://meet.jitsi.world/
https://meet.linus-neumann.de/
https://meet.moeritz.cc/
https://meet.neanderfunk.de/
https://meet.no42.org/
https://meet.piratenpartei-sh.de/
https://meet.schnuud.de/
https://meet.systemli.org/
https://meet.ubergeek.cx/
https://meet.weimarnetz.de/
https://meet2.adminforge.de/
https://webmeeting.opensolution.it/
https://www.kuketz-meet.de/
https://xeon.omata.de/
https://meet.digitales-lernen.berlin/
