https://besprechung.net/
https://biertrinken.digital/
https://byteweise.de/
https://de-fsn-1.jitsi.rocks/
https://de-fsn-2.jitsi.rocks/
https://de-nue-1.jitsi.rocks/
https://de-nue-2.jitsi.rocks/
https://de-wob-1.jitsi.rocks/
https://cyber.librebits.space/
https://eelo.free-solutions.org/
https://fairmeeting.net/
https://fi-hel-1.jitsi.rocks/
https://fi-hel-2.jitsi.rocks/
https://freejitsi01.netcup.net/
https://jitsi.arl.wtf/
https://jitsi.arvidortwig.de/
https://jitsi.cc/
https://jitsi.debian.social/
https://jitsi.derhagen.eu/
https://jitsi.dorf-post.de/
https://jitsi.fem.tu-ilmenau.de/
https://jitsi.ff3l.net/
https://jitsi.flyingcircus.io/
https://jitsi.forensictaco.net/
https://jitsi.freifunk-duesseldorf.de/
https://jitsi.hamburg.ccc.de/
https://jitsi.hamburg.freifunk.net/
https://jitsi.is/
https://jitsi.jotbe.reunite.earth/
https://jitsi.math.uzh.ch/
https://jitsi.mpi-bremen.de/
https://jitsi.netways.de/
https://jitsi.osna.social/
https://jitsi.php-friends.de/
https://jitsi.piratenpartei-duesseldorf.de/
https://jitsi.q2r.net/
https://jitsi.sixtopia.net/
https://jitsi.thedark.xyz/
https://jitsi.timlukas.de/
https://jitsi.uni-due.de/
https://jitsi.v3g.de/
https://jitsi-wue.ddns.net/
https://konf.ddns.net/
https://konferenz.netzbegruenung.de/
https://meet.alpha.berlin/
https://meet.alps.one/
https://meet.adminforge.de/
https://meet.bitblaze.io/
https://meet.chaosdata.de/
https://meet.collective.tools/
https://meet.computerwerk.org/
https://meet.corrently.cloud/
https://meet.cyber4edu.org/
https://meet.cybercyber.digital/
https://meet.cybernauts.science/
https://meet.cyon.tools
https://meet.darmstadt.social/
https://meet.digitales-lernen.berlin/
https://meet.domov.de/
https://meet.dssr.ch/
https://meet.f3n-ac.de/
https://meet.ffmuc.net/
https://meet.ffrn.de/
https://meet.freifunk-aachen.de/
https://meet.freifunk-rhein-sieg.net/
https://meet.fyber.space/
https://meet.golem.de/
https://meet.hasi.it/
https://meet.in-berlin.de/
https://meet.inittab.de/
https://meet.jitsi.world/
https://meet.jotbe.io/
https://meet.jugendrecht.org/
https://meet.kobschaetzki.de/
https://meet.leinelab.org/
https://meet.linus-neumann.de/
https://meet.lug-stormarn.de/
https://meet.meerfarbig.net/
https://meet.neanderfunk.de/
https://meet.nerd.re/
https://meet.netzfraktion.org/
https://meet.osna.social/
https://meet.piraten-witten.de/
https://meet.piratenpartei-sh.de/
https://meet.prjx.de/
https://meet.raksha.ch/
https://meet.schnuud.de/
https://meet.spielmannsolutions.com/
https://meet.stura.uni-heidelberg.de/
https://meet.systemli.org/
https://meet.teamcloud.work/
https://meet.teckids.org/
https://meet.tellifon.ch/
https://meet.ubergeek.cx/
https://meet.weimarnetz.de/
https://meet2.adminforge.de/
https://meeting.kabi.tk/
https://meeting.vm.uni-freiburg.de/
https://noalyss.free-solutions.org/
https://open.meet.switch.ch/
https://sanchez-24.de
https://swisschat.free-solutions.org/
https://talk.snopyta.org/
https://unibe.meet.switch.ch/
https://unifr.meet.switch.ch/
https://uzh.meet.switch.ch/
https://vc.autistici.org/
https://videokonferenz.homeip.net/
https://vidconf.tech4good.ch/
https://virtual.chaosdorf.space/
https://webmeeting.opensolution.it/
https://www.kuketz-meet.de/
https://xeon.omata.de/
https://talk.linux-whv.de
